Microchip MPLAB XC8 Compiler V2.40

Linker command line:

-W-3 \
  --edf=C:\Program Files\Microchip\xc8\v2.40\pic\dat\20220703182018_en.msgs \
  -cn -h+dist/default/production\slave2_P1.X.production.sym \
  --cmf=dist/default/production\slave2_P1.X.production.cmf -z -Q16F887 \
  -oC:\Users\marce\AppData\Local\Temp\xcAs2e4.4 --defsym=__MPLAB_BUILD=1 \
  --fixupoverflow=error \
  -Mdist/default/production/slave2_P1.X.production.map \
  --md=C:\Users\marce\AppData\Local\Temp\xcAs2e4.dat -E1 -ver=XC8 Compiler \
  --acfsm=1493 -ACODE=00h-07FFhx4 -ASTRCODE=00h-01FFFh -ASTRING=00h-0FFhx32 \
  -ACONST=00h-0FFhx32 -AENTRY=00h-0FFhx32 -ACOMMON=070h-07Fh \
  -ABANK0=020h-06Fh -ABANK1=0A0h-0EFh -ABANK2=0110h-016Fh \
  -ABANK3=0190h-01EFh -ARAM=020h-06Fh,0A0h-0EFh,0110h-016Fh,0190h-01EFh \
  -AABS1=020h-07Fh,0A0h-0EFh,0110h-016Fh,0190h-01EFh -ASFR0=00h-01Fh \
  -ASFR1=080h-09Fh -ASFR2=0100h-010Fh -ASFR3=0180h-018Fh \
  -ACONFIG=02007h-02008h -DCONFIG=2 -AIDLOC=02000h-02003h -DIDLOC=2 \
  -AEEDATA=00h-0FFh/02100h -peeprom_data=EEDATA -DEEDATA=2 -DCODE=2 \
  -DSTRCODE=2 -DSTRING=2 -DCONST=2 -DENTRY=2 \
  -preset_vec=00h,intentry=04h,init,end_init -ppowerup=CODE -pcinit=CODE \
  -pfunctab=ENTRY -k C:\Users\marce\AppData\Local\Temp\xcAs2e4.o \
  dist/default/production\slave2_P1.X.production.o 

Object code version is 3.11

Machine type is 16F887



                Name                               Link     Load   Length Selector   Space Scale
C:\Users\marce\AppData\Local\Temp\xcAs2e4.o
                end_init                             10       10        3        8       0
                reset_vec                             0        0        3        0       0
                config                             2007     2007        2        0       4
                idloc                              2000     2000        4        0       5
dist/default/production\slave2_P1.X.production.o
                cinit                                13       13        C        8       0
                intentry                              4        4        C        8       0
                config                             2007     2007        2        0       4
                idloc                              2000     2000        4        0       5
                text11                              6B0      6B0       A4        8       0
                text10                              F88      F88       78     1F10       0
                text9                               F27      F27       12     1E4E       0
                text8                               364      364      1D3        8       0
                text7                               F39      F39       27     1E72       0
                text6                                1F       1F      345        8       0
                text5                               5F8      5F8       B8        8       0
                text4                               754      754       89        8       0
                text3                               537      537       C1        8       0
                text2                               7DD      7DD       1A        8       0
                text1                               F60      F60       28     1EC0       0
                maintext                            7F7      7F7        9        8       0
                cstackBANK0                          20       20       4F       20       1
                cstackCOMMON                         70       70        E       70       1
                cstackBANK1                          A0       A0        5       A0       1
                bssBANK1                             A5       A5        3       A0       1
                bssBANK0                             6F       6F        1       20       1

TOTAL           Name                               Link     Load   Length     Space
        CLASS   CODE           
                end_init                             10       10        3         0
                cinit                                13       13        C         0
                intentry                              4        4        C         0
                reset_vec                             0        0        3         0
                text11                              6B0      6B0       A4         0
                text10                              F88      F88       78         0
                text9                               F27      F27       12         0
                text8                               364      364      1D3         0
                text7                               F39      F39       27         0
                text6                                1F       1F      345         0
                text5                               5F8      5F8       B8         0
                text4                               754      754       89         0
                text3                               537      537       C1         0
                text2                               7DD      7DD       1A         0
                text1                               F60      F60       28         0
                maintext                            7F7      7F7        9         0

        CLASS   STRCODE        

        CLASS   STRING         

        CLASS   CONST          

        CLASS   ENTRY          

        CLASS   COMMON         
                cstackCOMMON                         70       70        E         1

        CLASS   BANK0          
                cstackBANK0                          20       20       4F         1
                bssBANK0                             6F       6F        1         1

        CLASS   BANK1          
                cstackBANK1                          A0       A0        5         1
                bssBANK1                             A5       A5        3         1

        CLASS   BANK2          

        CLASS   BANK3          

        CLASS   RAM            

        CLASS   ABS1           
                abs_s1                               7E       7E        2         1

        CLASS   SFR0           

        CLASS   SFR1           

        CLASS   SFR2           

        CLASS   SFR3           

        CLASS   CONFIG         
                config                             2007     2007        2         4

        CLASS   IDLOC          
                idloc                              2000     2000        4         5

        CLASS   EEDATA         

        CLASS   STACK          



SEGMENTS        Name                           Load    Length   Top    Selector   Space  Class     Delta

                reset_vec                      000000  000003  000003         0       0  CODE        2
                intentry                       000004  0007FC  000800         8       0  CODE        2
                cstackBANK0                    000020  000050  000070        20       1  BANK0       1
                cstackCOMMON                   000070  00000E  00007E        70       1  COMMON      1
                cstackBANK1                    0000A0  000008  0000A8        A0       1  BANK1       1
                text9                          000F27  000012  000F39      1E4E       0  CODE        2
                text7                          000F39  000027  000F60      1E72       0  CODE        2
                text1                          000F60  000028  000F88      1EC0       0  CODE        2
                text10                         000F88  000078  001000      1F10       0  CODE        2


UNUSED ADDRESS RANGES

        Name                Unused          Largest block    Delta
        BANK1            00A8-00EF             48           1
        BANK2            0110-016F             60           1
        BANK3            0190-01EF             60           1
        CODE             0003-0003              1           2
                         0800-0F26            727
                         1000-1FFF            800
        CONST            0003-0003              1           2
                         0800-0F26            100
                         1000-1FFF            100
        EEDATA           2100-21FF            100           2
        ENTRY            0003-0003              1           2
                         0800-0F26            100
                         1000-1FFF            100
        RAM              00A8-00EF             48           1
                         0110-016F             60
                         0190-01EF             60
        SFR0             0000-001F             20           1
        SFR1             0080-009F             20           1
        SFR2             0100-010F             10           1
        SFR3             0180-018F             10           1
        STRCODE          0003-0003              1           2
                         0800-0F26            727
                         1000-1FFF           1000
        STRING           0003-0003              1           2
                         0800-0F26            100
                         1000-1FFF            100

                                  Symbol Table

?__Umul8_16                                cstackCOMMON 0070
?___fldiv                                  cstackBANK0  003A
?___flmul                                  cstackBANK0  0020
?___fltol                                  cstackBANK0  0063
?___xxtofl                                 cstackCOMMON 0070
?_ultrasonic_measure_distance              cstackBANK0  0054
I2C_Slave_Init@address                     cstackBANK1  00A4
_ANSEL                                     (abs)        0188
_ANSELH                                    (abs)        0189
_BF                                        (abs)        04A0
_GIE                                       (abs)        005F
_I2C_Slave_Init                            text2        07DD
_INTCONbits                                (abs)        000B
_OPTION_REGbits                            (abs)        0081
_OSCCONbits                                (abs)        008F
_PEIE                                      (abs)        005E
_PIR1bits                                  (abs)        000C
_PORTA                                     (abs)        0005
_PORTAbits                                 (abs)        0005
_PORTB                                     (abs)        0006
_PORTC                                     (abs)        0007
_PORTD                                     (abs)        0008
_PORTDbits                                 (abs)        0008
_SSPADD                                    (abs)        0093
_SSPBUF                                    (abs)        0013
_SSPCON                                    (abs)        0014
_SSPCON2                                   (abs)        0091
_SSPCON2bits                               (abs)        0091
_SSPCONbits                                (abs)        0014
_SSPIE                                     (abs)        0463
_SSPIF                                     (abs)        0063
_SSPSTAT                                   (abs)        0094
_SSPSTATbits                               (abs)        0094
_T1CON                                     (abs)        0010
_T1CONbits                                 (abs)        0010
_TMR0                                      (abs)        0001
_TMR1H                                     (abs)        000F
_TMR1L                                     (abs)        000E
_TRISA                                     (abs)        0085
_TRISC3                                    (abs)        043B
_TRISC4                                    (abs)        043C
_TRISCbits                                 (abs)        0087
_TRISDbits                                 (abs)        0088
__Habs1                                    abs1         0000
__Hbank0                                   bank0        0000
__Hbank1                                   bank1        0000
__Hbank2                                   bank2        0000
__Hbank3                                   bank3        0000
__HbssBANK0                                bssBANK0     0000
__HbssBANK1                                bssBANK1     0000
__Hcinit                                   cinit        001F
__Hclrtext                                 clrtext      0000
__Hcode                                    code         0000
__Hcommon                                  common       0000
__Hconfig                                  config       2009
__HcstackBANK0                             cstackBANK0  0000
__HcstackBANK1                             cstackBANK1  0000
__HcstackCOMMON                            cstackCOMMON 0000
__Heeprom_data                             eeprom_data  0000
__Hend_init                                end_init     0013
__Hfunctab                                 functab      0000
__Hidloc                                   idloc        2004
__Hinit                                    init         0010
__Hintentry                                intentry     0010
__Hmaintext                                maintext     0000
__Hpowerup                                 powerup      0000
__Hram                                     ram          0000
__Hreset_vec                               reset_vec    0003
__Hsfr0                                    sfr0         0000
__Hsfr1                                    sfr1         0000
__Hsfr2                                    sfr2         0000
__Hsfr3                                    sfr3         0000
__Hspace_0                                 (abs)        1000
__Hspace_1                                 (abs)        00A8
__Hspace_2                                 (abs)        0000
__Hspace_3                                 (abs)        0000
__Hspace_4                                 (abs)        4010
__Hstack                                   stack        0000
__Hstrings                                 strings      0000
__Htext                                    text         0000
__Labs1                                    abs1         0000
__Lbank0                                   bank0        0000
__Lbank1                                   bank1        0000
__Lbank2                                   bank2        0000
__Lbank3                                   bank3        0000
__LbssBANK0                                bssBANK0     0000
__LbssBANK1                                bssBANK1     0000
__Lcinit                                   cinit        0013
__Lclrtext                                 clrtext      0000
__Lcode                                    code         0000
__Lcommon                                  common       0000
__Lconfig                                  config       0000
__LcstackBANK0                             cstackBANK0  0000
__LcstackBANK1                             cstackBANK1  0000
__LcstackCOMMON                            cstackCOMMON 0000
__Leeprom_data                             eeprom_data  0000
__Lend_init                                end_init     0010
__Lfunctab                                 functab      0000
__Lidloc                                   idloc        0000
__Linit                                    init         0010
__Lintentry                                intentry     0004
__Lmaintext                                maintext     0000
__Lpowerup                                 powerup      0000
__Lram                                     ram          0000
__Lreset_vec                               reset_vec    0000
__Lsfr0                                    sfr0         0000
__Lsfr1                                    sfr1         0000
__Lsfr2                                    sfr2         0000
__Lsfr3                                    sfr3         0000
__Lspace_0                                 (abs)        0000
__Lspace_1                                 (abs)        0000
__Lspace_2                                 (abs)        0000
__Lspace_3                                 (abs)        0000
__Lspace_4                                 (abs)        0000
__Lstack                                   stack        0000
__Lstrings                                 strings      0000
__Ltext                                    text         0000
__S0                                       (abs)        1000
__S1                                       (abs)        00A8
__S3                                       (abs)        0000
__Umul8_16                                 text7        0F39
__Umul8_16@multiplicand                    cstackCOMMON 0070
__Umul8_16@multiplier                      cstackCOMMON 0078
__Umul8_16@product                         cstackCOMMON 0074
__Umul8_16@word_mpld                       cstackCOMMON 0076
___fldiv                                   text8        0364
___fldiv@a                                 cstackBANK0  003A
___fldiv@aexp                              cstackBANK0  0053
___fldiv@b                                 cstackBANK0  003E
___fldiv@bexp                              cstackBANK0  0052
___fldiv@grs                               cstackBANK0  004E
___fldiv@new_exp                           cstackBANK0  004C
___fldiv@rem                               cstackBANK0  0047
___fldiv@sign                              cstackBANK0  004B
___flge                                    text11       06B0
___flge@ff1                                cstackBANK0  0063
___flge@ff2                                cstackBANK0  0067
___flmul                                   text6        001F
___flmul@a                                 cstackBANK0  0024
___flmul@aexp                              cstackBANK0  0032
___flmul@b                                 cstackBANK0  0020
___flmul@bexp                              cstackBANK0  0033
___flmul@grs                               cstackBANK0  002E
___flmul@prod                              cstackBANK0  0034
___flmul@sign                              cstackBANK0  002D
___flmul@temp                              cstackBANK0  0038
___fltol                                   text10       0F88
___fltol@exp1                              cstackBANK0  006C
___fltol@f1                                cstackBANK0  0063
___fltol@sign1                             cstackBANK0  006B
___int_sp                                  stack        0000
___latbits                                 (abs)        0002
___sp                                      stack        0000
___stackhi                                 (abs)        0000
___stacklo                                 (abs)        0000
___xxtofl                                  text5        05F8
___xxtofl@arg                              cstackCOMMON 007A
___xxtofl@exp                              cstackCOMMON 0079
___xxtofl@sign                             cstackCOMMON 0078
___xxtofl@val                              cstackCOMMON 0070
__end_of_I2C_Slave_Init                    text2        07F7
__end_of__Umul8_16                         text7        0F60
__end_of___fldiv                           text8        0537
__end_of___flge                            text11       0754
__end_of___flmul                           text6        0364
__end_of___fltol                           text10       1000
__end_of___xxtofl                          text5        06B0
__end_of__initialization                   cinit        001B
__end_of_delay                             text9        0F39
__end_of_isr                               text3        05F8
__end_of_main                              maintext     0800
__end_of_setup                             text1        0F88
__end_of_ultrasonic_measure_distance       text4        07DD
__initialization                           cinit        0013
__pbssBANK0                                bssBANK0     006F
__pbssBANK1                                bssBANK1     00A5
__pcstackBANK0                             cstackBANK0  0020
__pcstackBANK1                             cstackBANK1  00A0
__pcstackCOMMON                            cstackCOMMON 0070
__pintentry                                intentry     0004
__pmaintext                                maintext     07F7
__ptext1                                   text1        0F60
__ptext10                                  text10       0F88
__ptext11                                  text11       06B0
__ptext2                                   text2        07DD
__ptext3                                   text3        0537
__ptext4                                   text4        0754
__ptext5                                   text5        05F8
__ptext6                                   text6        001F
__ptext7                                   text7        0F39
__ptext8                                   text8        0364
__ptext9                                   text9        0F27
_delay                                     text9        0F27
_isr                                       text3        0537
_main                                      maintext     07F7
_recibido                                  bssBANK1     00A7
_setup                                     text1        0F60
_ultrasonic_measure_distance               text4        0754
_ultrasonic_measure_distance$1182          cstackBANK0  005D
_z                                         bssBANK0     006F
btemp                                      (abs)        007E
delay@micro                                cstackCOMMON 0070
end_of_initialization                      cinit        001B
interrupt_function                         intentry     0004
intlevel0                                  functab      0000
intlevel1                                  functab      0000
intlevel2                                  functab      0000
intlevel3                                  functab      0000
intlevel4                                  functab      0000
intlevel5                                  functab      0000
reset_vec                                  reset_vec    0000
saved_w                                    (abs)        007E
start                                      init         0010
start_initialization                       cinit        0013
ultrasonic_measure_distance@distance       cstackBANK0  0059
ultrasonic_measure_distance@pulse_duration cstackBANK0  0061
wtemp0                                     (abs)        007E


MODULE INFORMATION

Module		Function		Class		Link	Load	Size
C:\Program Files\Microchip\xc8\v2.40\pic\sources\c90\common\fltol.c
		___fltol       		CODE           	0F88	0000	120

C:\Program Files\Microchip\xc8\v2.40\pic\sources\c90\common\fltol.c estimated size: 120

main_slave2.c
		_delay         		CODE           	0F27	0000	18
		_main          		CODE           	07F7	0000	9
		_isr           		CODE           	0537	0000	193
		_setup         		CODE           	0F60	0000	40
		_ultrasonic_measure_distance		CODE           	0754	0000	137

main_slave2.c estimated size: 397

C:\Program Files\Microchip\xc8\v2.40\pic\sources\c90\common\sprcmul.c
		___flmul       		CODE           	001F	0000	837

C:\Program Files\Microchip\xc8\v2.40\pic\sources\c90\common\sprcmul.c estimated size: 837

I2C.c
		_I2C_Slave_Init		CODE           	07DD	0000	26

I2C.c estimated size: 26

C:\Program Files\Microchip\xc8\v2.40\pic\sources\c90\common\sprcdiv.c
		___fldiv       		CODE           	0364	0000	467

C:\Program Files\Microchip\xc8\v2.40\pic\sources\c90\common\sprcdiv.c estimated size: 467

C:\Program Files\Microchip\xc8\v2.40\pic\sources\c90\common\Umul8_16.c
		__Umul8_16     		CODE           	0F39	0000	39

C:\Program Files\Microchip\xc8\v2.40\pic\sources\c90\common\Umul8_16.c estimated size: 39

shared
		__initialization		CODE           	0013	0000	8

shared estimated size: 8

C:\Program Files\Microchip\xc8\v2.40\pic\sources\c90\common\flge.c
		___flge        		CODE           	06B0	0000	164

C:\Program Files\Microchip\xc8\v2.40\pic\sources\c90\common\flge.c estimated size: 164

C:\Program Files\Microchip\xc8\v2.40\pic\sources\c90\common\xxtofl.c
		___xxtofl      		CODE           	05F8	0000	184

C:\Program Files\Microchip\xc8\v2.40\pic\sources\c90\common\xxtofl.c estimated size: 184

