Microchip MPLAB XC8 Compiler V2.40

Linker command line:

-W-3 \
  --edf=C:\Program Files\Microchip\xc8\v2.40\pic\dat\20220703182018_en.msgs \
  -cn -h+dist/default/production\master_p1.X.production.sym \
  --cmf=dist/default/production\master_p1.X.production.cmf -z -Q16F887 \
  -oC:\Users\marce\AppData\Local\Temp\xcAs88o.4 --defsym=__MPLAB_BUILD=1 \
  --fixupoverflow=error \
  -Mdist/default/production/master_p1.X.production.map \
  --md=C:\Users\marce\AppData\Local\Temp\xcAs88o.dat -E1 -ver=XC8 Compiler \
  --acfsm=1493 -ACODE=00h-07FFhx4 -ASTRCODE=00h-01FFFh -ASTRING=00h-0FFhx32 \
  -ACONST=00h-0FFhx32 -AENTRY=00h-0FFhx32 -ACOMMON=070h-07Fh \
  -ABANK0=020h-06Fh -ABANK1=0A0h-0EFh -ABANK2=0110h-016Fh \
  -ABANK3=0190h-01EFh -ARAM=020h-06Fh,0A0h-0EFh,0110h-016Fh,0190h-01EFh \
  -AABS1=020h-07Fh,0A0h-0EFh,0110h-016Fh,0190h-01EFh -ASFR0=00h-01Fh \
  -ASFR1=080h-09Fh -ASFR2=0100h-010Fh -ASFR3=0180h-018Fh \
  -ACONFIG=02007h-02008h -DCONFIG=2 -AIDLOC=02000h-02003h -DIDLOC=2 \
  -AEEDATA=00h-0FFh/02100h -peeprom_data=EEDATA -DEEDATA=2 -DCODE=2 \
  -DSTRCODE=2 -DSTRING=2 -DCONST=2 -DENTRY=2 \
  -preset_vec=00h,intentry=04h,init,end_init -ppowerup=CODE -pcinit=CODE \
  -pfunctab=ENTRY -k C:\Users\marce\AppData\Local\Temp\xcAs88o.o \
  dist/default/production\master_p1.X.production.o 

Object code version is 3.11

Machine type is 16F887



                Name                               Link     Load   Length Selector   Space Scale
C:\Users\marce\AppData\Local\Temp\xcAs88o.o
                end_init                              C        C        3        8       0
                reset_vec                             0        0        3        0       0
                config                             2007     2007        2        0       4
                idloc                              2000     2000        4        0       5
dist/default/production\master_p1.X.production.o
                cinit                                 F        F       21        8       0
                intentry                              4        4        8        8       0
                config                             2007     2007        2        0       4
                idloc                              2000     2000        4        0       5
                text51                             1DFF     1DFF       22     3BFE       0
                text50                              801      801       1A     1002       0
                text49                             1D4C     1D4C        D     3A98       0
                text48                             12AE     12AE       5E     255C       0
                text47                             13D9     13D9       6F     27B2       0
                text46                             1D59     1D59        D     3AB2       0
                text45                             1E21     1E21       22     3C42       0
                text44                             1D73     1D73        F     3AE6       0
                text43                             1D1A     1D1A        9     3A34       0
                text42                             1D23     1D23        9     3A46       0
                text41                             1D2C     1D2C        A     3A58       0
                text40                             1D36     1D36        B     3A6C       0
                text39                             14C0     14C0       8B     2980       0
                text38                             1D41     1D41        B     3A82       0
                text37                             1DDF     1DDF       20     3BBE       0
                text36                             1DC3     1DC3       1C     3B86       0
                text35                             115A     115A       4C     22B4       0
                text34                             1F8E     1F8E       39     3F1C       0
                text33                             10CE     10CE       46     219C       0
                text32                              9A1      9A1      1D3     1342       0
                text31                             154B     154B       A4     2A96       0
                text30                             1E8E     1E8E       29     3D1C       0
                text29                              436      436      345        8       0
                text28                             1D66     1D66        D     3ACC       0
                text27                              DA8      DA8      258     1B50       0
                text26                             1E43     1E43       24     3C86       0
                text25                             1448     1448       78     2890       0
                text24                             15EF     15EF       BA     2BDE       0
                text23                               30       30      406        8       0
                text22                              B74      B74      234     16E8       0
                text21                             1F1F     1F1F       37     3E3E       0
                text20                              77B      77B       81        8       0
                text19                             130C     130C       65     2618       0
                text18                             1DAC     1DAC       17     3B58       0
                text17                             1003     1003       1C     2006       0
                text16                             11A6     11A6       54     234C       0
                text15                             1EEA     1EEA       35     3DD4       0
                text14                             1D96     1D96       16     3B2C       0
                text13                             1FC7     1FC7       39     3F8E       0
                text12                             101F     101F       39     203E       0
                text11                             1F56     1F56       38     3EAC       0
                text10                             1252     1252       5C     24A4       0
                text9                              11FA     11FA       58     23F4       0
                text8                              1371     1371       68     26E2       0
                text7                              1058     1058       3A     20B0       0
                text6                              1EB7     1EB7       33     3D6E       0
                text5                              1114     1114       46     2228       0
                text4                              1092     1092       3C     2124       0
                text3                              1E67     1E67       27     3CCE       0
                text2                              1D82     1D82       14     3B04       0
                text1                               81B      81B      186     1036       0
                maintext                           16A9     16A9      157     2D52       0
                cstackBANK0                          20       20       50       20       1
                cstackCOMMON                         70       70        B       70       1
                cstackBANK1                          A0       A0       2E       A0       1
                clrtext                            1D12     1D12        8     3A24       0
                bssBANK2                            110      110       30      110       1
                bssBANK3                            190      190       4E      190       1
                bssBANK1                             CE       CE        E       A0       1
                bssCOMMON                            7B       7B        3       70       1
                strings                            1800     1800       2C     3000       0

TOTAL           Name                               Link     Load   Length     Space
        CLASS   CODE           
                end_init                              C        C        3         0
                cinit                                 F        F       21         0
                intentry                              4        4        8         0
                reset_vec                             0        0        3         0
                text51                             1DFF     1DFF       22         0
                text50                              801      801       1A         0
                text49                             1D4C     1D4C        D         0
                text48                             12AE     12AE       5E         0
                text47                             13D9     13D9       6F         0
                text46                             1D59     1D59        D         0
                text45                             1E21     1E21       22         0
                text44                             1D73     1D73        F         0
                text43                             1D1A     1D1A        9         0
                text42                             1D23     1D23        9         0
                text41                             1D2C     1D2C        A         0
                text40                             1D36     1D36        B         0
                text39                             14C0     14C0       8B         0
                text38                             1D41     1D41        B         0
                text37                             1DDF     1DDF       20         0
                text36                             1DC3     1DC3       1C         0
                text35                             115A     115A       4C         0
                text34                             1F8E     1F8E       39         0
                text33                             10CE     10CE       46         0
                text32                              9A1      9A1      1D3         0
                text31                             154B     154B       A4         0
                text30                             1E8E     1E8E       29         0
                text29                              436      436      345         0
                text28                             1D66     1D66        D         0
                text27                              DA8      DA8      258         0
                text26                             1E43     1E43       24         0
                text25                             1448     1448       78         0
                text24                             15EF     15EF       BA         0
                text23                               30       30      406         0
                text22                              B74      B74      234         0
                text21                             1F1F     1F1F       37         0
                text20                              77B      77B       81         0
                text19                             130C     130C       65         0
                text18                             1DAC     1DAC       17         0
                text17                             1003     1003       1C         0
                text16                             11A6     11A6       54         0
                text15                             1EEA     1EEA       35         0
                text14                             1D96     1D96       16         0
                text13                             1FC7     1FC7       39         0
                text12                             101F     101F       39         0
                text11                             1F56     1F56       38         0
                text10                             1252     1252       5C         0
                text9                              11FA     11FA       58         0
                text8                              1371     1371       68         0
                text7                              1058     1058       3A         0
                text6                              1EB7     1EB7       33         0
                text5                              1114     1114       46         0
                text4                              1092     1092       3C         0
                text3                              1E67     1E67       27         0
                text2                              1D82     1D82       14         0
                text1                               81B      81B      186         0
                maintext                           16A9     16A9      157         0
                clrtext                            1D12     1D12        8         0

        CLASS   STRCODE        

        CLASS   STRING         
                strings                            1800     1800       2C         0

        CLASS   CONST          

        CLASS   ENTRY          

        CLASS   COMMON         
                cstackCOMMON                         70       70        B         1
                bssCOMMON                            7B       7B        3         1

        CLASS   BANK0          
                cstackBANK0                          20       20       50         1

        CLASS   BANK1          
                cstackBANK1                          A0       A0       2E         1
                bssBANK1                             CE       CE        E         1

        CLASS   BANK2          
                bssBANK2                            110      110       30         1

        CLASS   BANK3          
                bssBANK3                            190      190       4E         1

        CLASS   RAM            

        CLASS   ABS1           
                abs_s1                               7E       7E        2         1

        CLASS   SFR0           

        CLASS   SFR1           

        CLASS   SFR2           

        CLASS   SFR3           

        CLASS   CONFIG         
                config                             2007     2007        2         4

        CLASS   IDLOC          
                idloc                              2000     2000        4         5

        CLASS   EEDATA         

        CLASS   STACK          



SEGMENTS        Name                           Load    Length   Top    Selector   Space  Class     Delta

                reset_vec                      000000  000003  000003         0       0  CODE        2
                intentry                       000004  0007F8  0007FC         8       0  CODE        2
                cstackBANK0                    000020  000050  000070        20       1  BANK0       1
                cstackCOMMON                   000070  00000E  00007E        70       1  COMMON      1
                cstackBANK1                    0000A0  00003C  0000DC        A0       1  BANK1       1
                bssBANK2                       000110  000030  000140       110       1  BANK2       1
                bssBANK3                       000190  00004E  0001DE       190       1  BANK3       1
                text50                         000801  00001A  00081B      1002       0  CODE        2
                text1                          00081B  000186  0009A1      1036       0  CODE        2
                text32                         0009A1  0001D3  000B74      1342       0  CODE        2
                text22                         000B74  000234  000DA8      16E8       0  CODE        2
                text27                         000DA8  000258  001000      1B50       0  CODE        2
                text17                         001003  00001C  00101F      2006       0  CODE        2
                text12                         00101F  000039  001058      203E       0  CODE        2
                text7                          001058  00003A  001092      20B0       0  CODE        2
                text4                          001092  00003C  0010CE      2124       0  CODE        2
                text33                         0010CE  000046  001114      219C       0  CODE        2
                text5                          001114  000046  00115A      2228       0  CODE        2
                text35                         00115A  00004C  0011A6      22B4       0  CODE        2
                text16                         0011A6  000054  0011FA      234C       0  CODE        2
                text9                          0011FA  000058  001252      23F4       0  CODE        2
                text10                         001252  00005C  0012AE      24A4       0  CODE        2
                text48                         0012AE  00005E  00130C      255C       0  CODE        2
                text19                         00130C  000065  001371      2618       0  CODE        2
                text8                          001371  000068  0013D9      26E2       0  CODE        2
                text47                         0013D9  00006F  001448      27B2       0  CODE        2
                text25                         001448  000078  0014C0      2890       0  CODE        2
                text39                         0014C0  00008B  00154B      2980       0  CODE        2
                text31                         00154B  0000A4  0015EF      2A96       0  CODE        2
                text24                         0015EF  0000BA  0016A9      2BDE       0  CODE        2
                maintext                       0016A9  000157  001800      2D52       0  CODE        2
                strings                        001800  00002C  00182C      3000       0  STRING      2
                clrtext                        001D12  000008  001D1A      3A24       0  CODE        2
                text43                         001D1A  000009  001D23      3A34       0  CODE        2
                text42                         001D23  000009  001D2C      3A46       0  CODE        2
                text41                         001D2C  00000A  001D36      3A58       0  CODE        2
                text40                         001D36  00000B  001D41      3A6C       0  CODE        2
                text38                         001D41  00000B  001D4C      3A82       0  CODE        2
                text49                         001D4C  00000D  001D59      3A98       0  CODE        2
                text46                         001D59  00000D  001D66      3AB2       0  CODE        2
                text28                         001D66  00000D  001D73      3ACC       0  CODE        2
                text44                         001D73  00000F  001D82      3AE6       0  CODE        2
                text2                          001D82  000014  001D96      3B04       0  CODE        2
                text14                         001D96  000016  001DAC      3B2C       0  CODE        2
                text18                         001DAC  000017  001DC3      3B58       0  CODE        2
                text36                         001DC3  00001C  001DDF      3B86       0  CODE        2
                text37                         001DDF  000020  001DFF      3BBE       0  CODE        2
                text51                         001DFF  000022  001E21      3BFE       0  CODE        2
                text45                         001E21  000022  001E43      3C42       0  CODE        2
                text26                         001E43  000024  001E67      3C86       0  CODE        2
                text3                          001E67  000027  001E8E      3CCE       0  CODE        2
                text30                         001E8E  000029  001EB7      3D1C       0  CODE        2
                text6                          001EB7  000033  001EEA      3D6E       0  CODE        2
                text15                         001EEA  000035  001F1F      3DD4       0  CODE        2
                text21                         001F1F  000037  001F56      3E3E       0  CODE        2
                text11                         001F56  000038  001F8E      3EAC       0  CODE        2
                text34                         001F8E  000039  001FC7      3F1C       0  CODE        2
                text13                         001FC7  000039  002000      3F8E       0  CODE        2


UNUSED ADDRESS RANGES

        Name                Unused          Largest block    Delta
        BANK1            00DC-00EF             14           1
        BANK2            0140-016F             30           1
        BANK3            01DE-01EF             12           1
        CODE             0003-0003              1           2
                         07FC-0800              4
                         1000-1002              3
                         182C-1D11            4E6
        CONST            0003-0003              1           2
                         07FC-0800              4
                         1000-1002              3
                         182C-1D11            100
        EEDATA           2100-21FF            100           2
        ENTRY            0003-0003              1           2
                         07FC-0800              4
                         1000-1002              3
                         182C-1D11            100
        RAM              00DC-00EF             14           1
                         0140-016F             30
                         01DE-01EF             12
        SFR0             0000-001F             20           1
        SFR1             0080-009F             20           1
        SFR2             0100-010F             10           1
        SFR3             0180-018F             10           1
        STRCODE          0003-0003              1           2
                         07FC-0800              5
                         1000-1002              3
                         182C-1D11            4E6
        STRING           0003-0003              1           2
                         07FC-0800              4
                         1000-1002              3
                         182C-1D11            100

                                  Symbol Table

?_I2C_Master_Read                 cstackBANK0  0020
?__Umul8_16                       cstackBANK0  0020
?___fladd                         cstackBANK0  0054
?___fldiv                         cstackBANK0  0020
?___flmul                         cstackBANK0  003A
?___flneg                         cstackBANK0  0020
?___flsub                         cstackBANK0  0068
?___fltol                         cstackBANK0  0020
?___lldiv                         cstackBANK0  0020
?___lwdiv                         cstackBANK0  0020
?___lwmod                         cstackBANK0  0028
?___wmul                          cstackBANK0  0020
?___xxtofl                        cstackBANK0  0026
?_sprintf                         cstackBANK0  002E
AHT10_Read@data                   cstackBANK1  00C1
Bcd_to_Dec@bcd                    cstackBANK0  0027
Bcd_to_Dec@dec                    cstackBANK0  0026
Dec_to_Bcd@bcd_number             cstackBANK0  0021
Dec_to_Bcd@dec_number             cstackBANK0  0020
I2C_Master_Init@c                 cstackBANK0  002E
I2C_Master_Read@a                 cstackBANK0  0020
I2C_Master_Read@temp              cstackBANK0  0024
I2C_Master_Write@d                cstackBANK0  002A
Lcd_Cmd@a                         cstackBANK0  0023
Lcd_Port@a                        cstackBANK0  0020
Lcd_Set_Cursor@a                  cstackBANK0  0026
Lcd_Set_Cursor@b                  cstackBANK0  0024
Lcd_Set_Cursor@temp               cstackBANK0  0029
Lcd_Set_Cursor@y                  cstackBANK0  0028
Lcd_Set_Cursor@z                  cstackBANK0  0027
Lcd_Write_Char@a                  cstackBANK0  0024
Lcd_Write_Char@temp               cstackBANK0  0022
Lcd_Write_Char@y                  cstackBANK0  0023
Lcd_Write_String@a                cstackBANK0  0025
Lcd_Write_String@i                cstackBANK0  002A
Read@address                      cstackBANK0  002E
Read@dato                         cstackBANK0  002F
Read_Time@h                       cstackBANK0  0031
Read_Time@m                       cstackBANK0  0030
Read_Time@s                       cstackBANK0  0032
Set_hour@hour                     cstackBANK0  002E
Set_min@min                       cstackBANK0  002E
Set_sec@sec                       cstackBANK0  002E
_AHT10_Init                       text39       14C0
_AHT10_Read                       text22       0B74
_AHT10_Soft_Reset                 text21       1F1F
_ANSEL                            (abs)        0188
_ANSELH                           (abs)        0189
_Bcd_to_Dec                       text17       1003
_Dec_to_Bcd                       text14       1D96
_ESP32_Write                      text20       077B
_GIE                              (abs)        005F
_I2C_Ack                          text38       1D41
_I2C_Master_Init                  text7        1058
_I2C_Master_Read                  text45       1E21
_I2C_Master_RepeatedStart         text44       1D73
_I2C_Master_Start                 text43       1D1A
_I2C_Master_Stop                  text42       1D23
_I2C_Master_Wait                  text46       1D59
_I2C_Master_Write                 text41       1D2C
_I2C_Nack                         text40       1D36
_INTCONbits                       (abs)        000B
_IOCBbits                         (abs)        0096
_Lcd_Clear                        text49       1D4C
_Lcd_Cmd                          text36       1DC3
_Lcd_Init                         text19       130C
_Lcd_Port                         text37       1DDF
_Lcd_Set_Cursor                   text35       115A
_Lcd_Write_Char                   text34       1F8E
_Lcd_Write_String                 text33       10CE
_OPTION_REGbits                   (abs)        0081
_OSCCONbits                       (abs)        008F
_PEIE                             (abs)        005E
_PIR1bits                         (abs)        000C
_PORTA                            (abs)        0005
_PORTB                            (abs)        0006
_PORTBbits                        (abs)        0006
_PORTC                            (abs)        0007
_PORTD                            (abs)        0008
_PORTDbits                        (abs)        0008
_PORTE                            (abs)        0009
_Read                             text16       11A6
_Read_Time                        text15       1EEA
_SSPADD                           (abs)        0093
_SSPBUF                           (abs)        0013
_SSPCON                           (abs)        0014
_SSPCON2                          (abs)        0091
_SSPCON2bits                      (abs)        0091
_SSPIE                            (abs)        0463
_SSPIF                            (abs)        0063
_SSPSTAT                          (abs)        0094
_Set_hour                         text13       1FC7
_Set_min                          text12       101F
_Set_sec                          text11       1F56
_Slave1_Total                     text10       1252
_Slave2                           text9        11FA
_TMR0                             (abs)        0001
_TRISB                            (abs)        0086
_TRISC3                           (abs)        043B
_TRISC4                           (abs)        043C
_TRISCbits                        (abs)        0087
_TRISD                            (abs)        0088
_TRISE                            (abs)        0089
_WPUBbits                         (abs)        0095
__Habs1                           abs1         0000
__Hbank0                          bank0        0000
__Hbank1                          bank1        0000
__Hbank2                          bank2        0000
__Hbank3                          bank3        0000
__HbssBANK1                       bssBANK1     0000
__HbssBANK2                       bssBANK2     0000
__HbssBANK3                       bssBANK3     0000
__HbssCOMMON                      bssCOMMON    0000
__Hcinit                          cinit        0030
__Hclrtext                        clrtext      0000
__Hcode                           code         0000
__Hcommon                         common       0000
__Hconfig                         config       2009
__HcstackBANK0                    cstackBANK0  0000
__HcstackBANK1                    cstackBANK1  0000
__HcstackCOMMON                   cstackCOMMON 0000
__Heeprom_data                    eeprom_data  0000
__Hend_init                       end_init     000F
__Hfunctab                        functab      0000
__Hidloc                          idloc        2004
__Hinit                           init         000C
__Hintentry                       intentry     000C
__Hmaintext                       maintext     0000
__Hpowerup                        powerup      0000
__Hram                            ram          0000
__Hreset_vec                      reset_vec    0003
__Hsfr0                           sfr0         0000
__Hsfr1                           sfr1         0000
__Hsfr2                           sfr2         0000
__Hsfr3                           sfr3         0000
__Hspace_0                        (abs)        2000
__Hspace_1                        (abs)        01DE
__Hspace_2                        (abs)        0000
__Hspace_3                        (abs)        0000
__Hspace_4                        (abs)        4010
__Hstack                          stack        0000
__Hstrings                        strings      0000
__Htext                           text         0000
__Labs1                           abs1         0000
__Lbank0                          bank0        0000
__Lbank1                          bank1        0000
__Lbank2                          bank2        0000
__Lbank3                          bank3        0000
__LbssBANK1                       bssBANK1     0000
__LbssBANK2                       bssBANK2     0000
__LbssBANK3                       bssBANK3     0000
__LbssCOMMON                      bssCOMMON    0000
__Lcinit                          cinit        000F
__Lclrtext                        clrtext      0000
__Lcode                           code         0000
__Lcommon                         common       0000
__Lconfig                         config       0000
__LcstackBANK0                    cstackBANK0  0000
__LcstackBANK1                    cstackBANK1  0000
__LcstackCOMMON                   cstackCOMMON 0000
__Leeprom_data                    eeprom_data  0000
__Lend_init                       end_init     000C
__Lfunctab                        functab      0000
__Lidloc                          idloc        0000
__Linit                           init         000C
__Lintentry                       intentry     0004
__Lmaintext                       maintext     0000
__Lpowerup                        powerup      0000
__Lram                            ram          0000
__Lreset_vec                      reset_vec    0000
__Lsfr0                           sfr0         0000
__Lsfr1                           sfr1         0000
__Lsfr2                           sfr2         0000
__Lsfr3                           sfr3         0000
__Lspace_0                        (abs)        0000
__Lspace_1                        (abs)        0000
__Lspace_2                        (abs)        0000
__Lspace_3                        (abs)        0000
__Lspace_4                        (abs)        0000
__Lstack                          stack        0000
__Lstrings                        strings      0000
__Ltext                           text         0000
__S0                              (abs)        2000
__S1                              (abs)        01DE
__S3                              (abs)        0000
__Umul8_16                        text30       1E8E
__Umul8_16@multiplicand           cstackBANK0  0020
__Umul8_16@multiplier             cstackBANK0  0028
__Umul8_16@product                cstackBANK0  0024
__Umul8_16@word_mpld              cstackBANK0  0026
___bmul                           text18       1DAC
___bmul@multiplicand              cstackBANK0  0020
___bmul@multiplier                cstackBANK0  0023
___bmul@product                   cstackBANK0  0022
___fladd                          text27       0DA8
___fladd@a                        cstackBANK0  0058
___fladd@aexp                     cstackBANK0  0065
___fladd@b                        cstackBANK0  0054
___fladd@bexp                     cstackBANK0  0066
___fladd@grs                      cstackBANK0  0067
___fladd@signs                    cstackBANK0  0064
___fldiv                          text32       09A1
___fldiv@a                        cstackBANK0  0020
___fldiv@aexp                     cstackBANK0  0039
___fldiv@b                        cstackBANK0  0024
___fldiv@bexp                     cstackBANK0  0038
___fldiv@grs                      cstackBANK0  0034
___fldiv@new_exp                  cstackBANK0  0032
___fldiv@rem                      cstackBANK0  002D
___fldiv@sign                     cstackBANK0  0031
___flge                           text31       154B
___flge@ff1                       cstackBANK0  0020
___flge@ff2                       cstackBANK0  0024
___flmul                          text29       0436
___flmul@a                        cstackBANK0  003E
___flmul@aexp                     cstackBANK0  004C
___flmul@b                        cstackBANK0  003A
___flmul@bexp                     cstackBANK0  004D
___flmul@grs                      cstackBANK0  0048
___flmul@prod                     cstackBANK0  004E
___flmul@sign                     cstackBANK0  0047
___flmul@temp                     cstackBANK0  0052
___flneg                          text28       1D66
___flneg@f1                       cstackBANK0  0020
___flsub                          text26       1E43
___flsub@a                        cstackBANK0  0068
___flsub@b                        cstackBANK0  006C
___fltol                          text25       1448
___fltol@exp1                     cstackBANK0  0029
___fltol@f1                       cstackBANK0  0020
___fltol@sign1                    cstackBANK0  0028
___int_sp                         stack        0000
___latbits                        (abs)        0002
___lldiv                          text8        1371
___lldiv@counter                  cstackBANK0  002D
___lldiv@dividend                 cstackBANK0  0024
___lldiv@divisor                  cstackBANK0  0020
___lldiv@quotient                 cstackBANK0  0029
___lwdiv                          text5        1114
___lwdiv@counter                  cstackBANK0  0027
___lwdiv@dividend                 cstackBANK0  0022
___lwdiv@divisor                  cstackBANK0  0020
___lwdiv@quotient                 cstackBANK0  0025
___lwmod                          text4        1092
___lwmod@counter                  cstackBANK0  002D
___lwmod@dividend                 cstackBANK0  002A
___lwmod@divisor                  cstackBANK0  0028
___sp                             stack        0000
___stackhi                        (abs)        0000
___stacklo                        (abs)        0000
___wmul                           text3        1E67
___wmul@multiplicand              cstackBANK0  0022
___wmul@multiplier                cstackBANK0  0020
___wmul@product                   cstackBANK0  0024
___xxtofl                         text24       15EF
___xxtofl@arg                     cstackBANK0  0030
___xxtofl@exp                     cstackBANK0  002F
___xxtofl@sign                    cstackBANK0  002E
___xxtofl@val                     cstackBANK0  0026
__end_of_AHT10_Init               text39       154B
__end_of_AHT10_Read               text22       0DA8
__end_of_AHT10_Soft_Reset         text21       1F56
__end_of_Bcd_to_Dec               text17       101F
__end_of_Dec_to_Bcd               text14       1DAC
__end_of_ESP32_Write              text20       07FC
__end_of_I2C_Ack                  text38       1D4C
__end_of_I2C_Master_Init          text7        1092
__end_of_I2C_Master_Read          text45       1E43
__end_of_I2C_Master_RepeatedStart text44       1D82
__end_of_I2C_Master_Start         text43       1D23
__end_of_I2C_Master_Stop          text42       1D2C
__end_of_I2C_Master_Wait          text46       1D66
__end_of_I2C_Master_Write         text41       1D36
__end_of_I2C_Nack                 text40       1D41
__end_of_Lcd_Clear                text49       1D59
__end_of_Lcd_Cmd                  text36       1DDF
__end_of_Lcd_Init                 text19       1371
__end_of_Lcd_Port                 text37       1DFF
__end_of_Lcd_Set_Cursor           text35       11A6
__end_of_Lcd_Write_Char           text34       1FC7
__end_of_Lcd_Write_String         text33       1114
__end_of_Read                     text16       11FA
__end_of_Read_Time                text15       1F1F
__end_of_Set_hour                 text13       2000
__end_of_Set_min                  text12       1058
__end_of_Set_sec                  text11       1F8E
__end_of_Slave1_Total             text10       12AE
__end_of_Slave2                   text9        1252
__end_of__Umul8_16                text30       1EB7
__end_of___bmul                   text18       1DC3
__end_of___fladd                  text27       1000
__end_of___fldiv                  text32       0B74
__end_of___flge                   text31       15EF
__end_of___flmul                  text29       077B
__end_of___flneg                  text28       1D73
__end_of___flsub                  text26       1E67
__end_of___fltol                  text25       14C0
__end_of___lldiv                  text8        13D9
__end_of___lwdiv                  text5        115A
__end_of___lwmod                  text4        10CE
__end_of___wmul                   text3        1E8E
__end_of___xxtofl                 text24       16A9
__end_of__initialization          cinit        002C
__end_of__stringtab               strings      1810
__end_of_dpowers                  strings      181A
__end_of_floattostr               text23       0436
__end_of_isdigit                  text2        1D96
__end_of_isr                      text47       1448
__end_of_main                     maintext     1800
__end_of_setup                    text6        1EEA
__end_of_sprintf                  text1        09A1
__end_ofi1_Lcd_Cmd                text50       081B
__end_ofi1_Lcd_Init               text48       130C
__end_ofi1_Lcd_Port               text51       1E21
__initialization                  cinit        000F
__pbssBANK1                       bssBANK1     00CE
__pbssBANK2                       bssBANK2     0110
__pbssBANK3                       bssBANK3     0190
__pbssCOMMON                      bssCOMMON    007B
__pcstackBANK0                    cstackBANK0  0020
__pcstackBANK1                    cstackBANK1  00A0
__pcstackCOMMON                   cstackCOMMON 0070
__pintentry                       intentry     0004
__pmaintext                       maintext     16A9
__pstrings                        strings      1800
__ptext1                          text1        081B
__ptext10                         text10       1252
__ptext11                         text11       1F56
__ptext12                         text12       101F
__ptext13                         text13       1FC7
__ptext14                         text14       1D96
__ptext15                         text15       1EEA
__ptext16                         text16       11A6
__ptext17                         text17       1003
__ptext18                         text18       1DAC
__ptext19                         text19       130C
__ptext2                          text2        1D82
__ptext20                         text20       077B
__ptext21                         text21       1F1F
__ptext22                         text22       0B74
__ptext23                         text23       0030
__ptext24                         text24       15EF
__ptext25                         text25       1448
__ptext26                         text26       1E43
__ptext27                         text27       0DA8
__ptext28                         text28       1D66
__ptext29                         text29       0436
__ptext3                          text3        1E67
__ptext30                         text30       1E8E
__ptext31                         text31       154B
__ptext32                         text32       09A1
__ptext33                         text33       10CE
__ptext34                         text34       1F8E
__ptext35                         text35       115A
__ptext36                         text36       1DC3
__ptext37                         text37       1DDF
__ptext38                         text38       1D41
__ptext39                         text39       14C0
__ptext4                          text4        1092
__ptext40                         text40       1D36
__ptext41                         text41       1D2C
__ptext42                         text42       1D23
__ptext43                         text43       1D1A
__ptext44                         text44       1D73
__ptext45                         text45       1E21
__ptext46                         text46       1D59
__ptext47                         text47       13D9
__ptext48                         text48       12AE
__ptext49                         text49       1D4C
__ptext5                          text5        1114
__ptext50                         text50       0801
__ptext51                         text51       1DFF
__ptext6                          text6        1EB7
__ptext7                          text7        1058
__ptext8                          text8        1371
__ptext9                          text9        11FA
__stringbase                      strings      180F
__stringtab                       strings      1800
_bandera                          bssCOMMON    007D
_buffer                           bssBANK3     01C0
_buffer2                          bssBANK3     0190
_buffer3                          bssBANK2     0110
_cont                             bssBANK1     00D7
_contador                         bssBANK1     00D6
_det                              bssCOMMON    007C
_distancia                        bssBANK1     00D2
_dpowers                          strings      1810
_floattostr                       text23       0030
_horas                            bssBANK1     00D9
_isdigit                          text2        1D82
_isdigit$1066                     cstackBANK0  0020
_isr                              text47       13D9
_main                             maintext     16A9
_minutos                          bssBANK1     00DA
_pantalla                         bssBANK1     00D8
_segundos                         bssBANK1     00DB
_setup                            text6        1EB7
_sprintf                          text1        081B
_temperatura                      bssBANK1     00CE
_time                             bssCOMMON    007B
btemp                             (abs)        007E
clear_ram0                        clrtext      1D12
end_of_initialization             cinit        002C
floattostr@cadena_                cstackBANK1  00A4
floattostr@cont_for               cstackBANK1  00AF
floattostr@decimales_             cstackBANK1  00A5
floattostr@largo_entera           cstackBANK1  00B1
floattostr@largo_n                cstackBANK1  00AD
floattostr@numero_                cstackBANK1  00A0
floattostr@tempo_float            cstackBANK1  00A9
floattostr@tempo_int              cstackBANK1  00A7
i1Lcd_Cmd@a                       cstackCOMMON 0073
i1Lcd_Port@a                      cstackCOMMON 0070
i1_Lcd_Cmd                        text50       0801
i1_Lcd_Init                       text48       12AE
i1_Lcd_Port                       text51       1DFF
interrupt_function                intentry     0004
intlevel0                         functab      0000
intlevel1                         functab      0000
intlevel2                         functab      0000
intlevel3                         functab      0000
intlevel4                         functab      0000
intlevel5                         functab      0000
isdigit@c                         cstackBANK0  0021
reset_vec                         reset_vec    0000
saved_w                           (abs)        007E
sprintf@ap                        cstackBANK0  0038
sprintf@c                         cstackBANK0  0040
sprintf@f                         cstackBANK0  002E
sprintf@flag                      cstackBANK0  0039
sprintf@prec                      cstackBANK0  003C
sprintf@sp                        cstackBANK0  003D
sprintf@val                       cstackBANK0  003A
sprintf@width                     cstackBANK0  003E
start                             init         000C
start_initialization              cinit        000F
wtemp0                            (abs)        007E


MODULE INFORMATION

Module		Function		Class		Link	Load	Size
C:\Program Files\Microchip\xc8\v2.40\pic\sources\c90\common\fltol.c
		___fltol       		CODE           	1448	0000	120

C:\Program Files\Microchip\xc8\v2.40\pic\sources\c90\common\fltol.c estimated size: 120

C:\Program Files\Microchip\xc8\v2.40\pic\sources\c90\common\Umul8.c
		___bmul        		CODE           	1DAC	0000	23

C:\Program Files\Microchip\xc8\v2.40\pic\sources\c90\common\Umul8.c estimated size: 23

C:\Program Files\Microchip\xc8\v2.40\pic\sources\c90\common\sprcmul.c
		___flmul       		CODE           	0436	0000	837

C:\Program Files\Microchip\xc8\v2.40\pic\sources\c90\common\sprcmul.c estimated size: 837

I2C.c
		_I2C_Master_Read		CODE           	1E21	0000	34
		_I2C_Master_Wait		CODE           	1D59	0000	13
		_I2C_Master_Init		CODE           	1058	0000	58
		_I2C_Master_Stop		CODE           	1D23	0000	9
		_I2C_Master_RepeatedStart		CODE           	1D73	0000	15
		_I2C_Ack       		CODE           	1D41	0000	11
		_I2C_Master_Write		CODE           	1D2C	0000	10
		_I2C_Nack      		CODE           	1D36	0000	11
		_I2C_Master_Start		CODE           	1D1A	0000	9

I2C.c estimated size: 170

C:\Program Files\Microchip\xc8\v2.40\pic\sources\c90\common\__lldiv.c
		___lldiv       		CODE           	1371	0000	104

C:\Program Files\Microchip\xc8\v2.40\pic\sources\c90\common\__lldiv.c estimated size: 104

C:\Program Files\Microchip\xc8\v2.40\pic\sources\c90\common\flneg.c
		___flneg       		CODE           	1D66	0000	13

C:\Program Files\Microchip\xc8\v2.40\pic\sources\c90\common\flneg.c estimated size: 13

C:\Program Files\Microchip\xc8\v2.40\pic\sources\c90\common\sprcdiv.c
		___fldiv       		CODE           	09A1	0000	467

C:\Program Files\Microchip\xc8\v2.40\pic\sources\c90\common\sprcdiv.c estimated size: 467

C:\Program Files\Microchip\xc8\v2.40\pic\sources\c90\common\Umul8_16.c
		__Umul8_16     		CODE           	1E8E	0000	41

C:\Program Files\Microchip\xc8\v2.40\pic\sources\c90\common\Umul8_16.c estimated size: 41

C:\Program Files\Microchip\xc8\v2.40\pic\sources\c90\common\doprnt.c
		_sprintf       		CODE           	081B	0000	390

C:\Program Files\Microchip\xc8\v2.40\pic\sources\c90\common\doprnt.c estimated size: 390

./float_str.h
		_floattostr    		CODE           	0030	0000	1030

./float_str.h estimated size: 1030

C:\Program Files\Microchip\xc8\v2.40\pic\sources\c90\common\Umul16.c
		___wmul        		CODE           	1E67	0000	39

C:\Program Files\Microchip\xc8\v2.40\pic\sources\c90\common\Umul16.c estimated size: 39

C:\Program Files\Microchip\xc8\v2.40\pic\sources\c90\common\lwmod.c
		___lwmod       		CODE           	1092	0000	60

C:\Program Files\Microchip\xc8\v2.40\pic\sources\c90\common\lwmod.c estimated size: 60

shared
		__stringtab    		STRING         	1800	0000	16
		_dpowers       		STRING         	1810	0000	10
		i1_Lcd_Port    		CODE           	1DFF	0000	34
		i1_Lcd_Cmd     		CODE           	0801	0000	26
		__initialization		CODE           	000F	0000	29
		i1_Lcd_Init    		CODE           	12AE	0000	94

shared estimated size: 209

C:\Program Files\Microchip\xc8\v2.40\pic\sources\c90\common\isdigit.c
		_isdigit       		CODE           	1D82	0000	20

C:\Program Files\Microchip\xc8\v2.40\pic\sources\c90\common\isdigit.c estimated size: 20

C:\Program Files\Microchip\xc8\v2.40\pic\sources\c90\common\sprcadd.c
		___flsub       		CODE           	1E43	0000	36
		___fladd       		CODE           	0DA8	0000	600

C:\Program Files\Microchip\xc8\v2.40\pic\sources\c90\common\sprcadd.c estimated size: 636

main_master.c
		_Slave2        		CODE           	11FA	0000	88
		_Slave1_Total  		CODE           	1252	0000	92
		_main          		CODE           	16A9	0000	343
		_AHT10_Init    		CODE           	14C0	0000	139
		_AHT10_Soft_Reset		CODE           	1F1F	0000	55
		_Read_Time     		CODE           	1EEA	0000	53
		_AHT10_Read    		CODE           	0B74	0000	564
		_isr           		CODE           	13D9	0000	111
		_ESP32_Write   		CODE           	077B	0000	129
		_setup         		CODE           	1EB7	0000	51
		_Set_min       		CODE           	101F	0000	57
		_Set_hour      		CODE           	1FC7	0000	57
		_Bcd_to_Dec    		CODE           	1003	0000	28
		_Read          		CODE           	11A6	0000	84
		_Dec_to_Bcd    		CODE           	1D96	0000	22
		_Set_sec       		CODE           	1F56	0000	56

main_master.c estimated size: 1929

C:\Program Files\Microchip\xc8\v2.40\pic\sources\c90\common\flge.c
		___flge        		CODE           	154B	0000	164

C:\Program Files\Microchip\xc8\v2.40\pic\sources\c90\common\flge.c estimated size: 164

C:\Program Files\Microchip\xc8\v2.40\pic\sources\c90\common\lwdiv.c
		___lwdiv       		CODE           	1114	0000	70

C:\Program Files\Microchip\xc8\v2.40\pic\sources\c90\common\lwdiv.c estimated size: 70

C:\Program Files\Microchip\xc8\v2.40\pic\sources\c90\common\xxtofl.c
		___xxtofl      		CODE           	15EF	0000	186

C:\Program Files\Microchip\xc8\v2.40\pic\sources\c90\common\xxtofl.c estimated size: 186

LCD.c
		_Lcd_Write_String		CODE           	10CE	0000	70
		_Lcd_Init      		CODE           	130C	0000	101
		_Lcd_Write_Char		CODE           	1F8E	0000	57
		_Lcd_Cmd       		CODE           	1DC3	0000	28
		_Lcd_Set_Cursor		CODE           	115A	0000	76
		_Lcd_Clear     		CODE           	1D4C	0000	13
		_Lcd_Port      		CODE           	1DDF	0000	32

LCD.c estimated size: 377

